02:52:36 **** Build of project imageEdgeDetect_bsp ****
make -k all 
"Running Make include in ps7_cortexa9_0/libsrc/axidma_v9_7/src"
make -C ps7_cortexa9_0/libsrc/axidma_v9_7/src -s include  "SHELL=CMD" "COMPILER=arm-none-eabi-gcc" "ARCHIVER=arm-none-eabi-ar" "COMPILER_FLAGS=  -O2 -c" "EXTRA_COMPILER_FLAGS=-mcpu=cortex-a9 -mfpu=vfpv3 -mfloat-abi=hard -nostartfiles -g -Wall -Wextra"
"Running Make include in ps7_cortexa9_0/libsrc/coresightps_dcc_v1_4/src"
make -C ps7_cortexa9_0/libsrc/coresightps_dcc_v1_4/src -s include  "SHELL=CMD" "COMPILER=arm-none-eabi-gcc" "ARCHIVER=arm-none-eabi-ar" "COMPILER_FLAGS=  -O2 -c" "EXTRA_COMPILER_FLAGS=-mcpu=cortex-a9 -mfpu=vfpv3 -mfloat-abi=hard -nostartfiles -g -Wall -Wextra"
"Running Make include in ps7_cortexa9_0/libsrc/cpu_cortexa9_v2_6/src"
make -C ps7_cortexa9_0/libsrc/cpu_cortexa9_v2_6/src -s include  "SHELL=CMD" "COMPILER=arm-none-eabi-gcc" "ARCHIVER=arm-none-eabi-ar" "COMPILER_FLAGS=  -O2 -c" "EXTRA_COMPILER_FLAGS=-mcpu=cortex-a9 -mfpu=vfpv3 -mfloat-abi=hard -nostartfiles -g -Wall -Wextra"
"Running Make include in ps7_cortexa9_0/libsrc/ddrps_v1_0/src"
make -C ps7_cortexa9_0/libsrc/ddrps_v1_0/src -s include  "SHELL=CMD" "COMPILER=arm-none-eabi-gcc" "ARCHIVER=arm-none-eabi-ar" "COMPILER_FLAGS=  -O2 -c" "EXTRA_COMPILER_FLAGS=-mcpu=cortex-a9 -mfpu=vfpv3 -mfloat-abi=hard -nostartfiles -g -Wall -Wextra"
"Running Make include in ps7_cortexa9_0/libsrc/devcfg_v3_5/src"
make -C ps7_cortexa9_0/libsrc/devcfg_v3_5/src -s include  "SHELL=CMD" "COMPILER=arm-none-eabi-gcc" "ARCHIVER=arm-none-eabi-ar" "COMPILER_FLAGS=  -O2 -c" "EXTRA_COMPILER_FLAGS=-mcpu=cortex-a9 -mfpu=vfpv3 -mfloat-abi=hard -nostartfiles -g -Wall -Wextra"
"Running Make include in ps7_cortexa9_0/libsrc/dmaps_v2_3/src"
make -C ps7_cortexa9_0/libsrc/dmaps_v2_3/src -s include  "SHELL=CMD" "COMPILER=arm-none-eabi-gcc" "ARCHIVER=arm-none-eabi-ar" "COMPILER_FLAGS=  -O2 -c" "EXTRA_COMPILER_FLAGS=-mcpu=cortex-a9 -mfpu=vfpv3 -mfloat-abi=hard -nostartfiles -g -Wall -Wextra"
"Running Make include in ps7_cortexa9_0/libsrc/emacps_v3_7/src"
make -C ps7_cortexa9_0/libsrc/emacps_v3_7/src -s include  "SHELL=CMD" "COMPILER=arm-none-eabi-gcc" "ARCHIVER=arm-none-eabi-ar" "COMPILER_FLAGS=  -O2 -c" "EXTRA_COMPILER_FLAGS=-mcpu=cortex-a9 -mfpu=vfpv3 -mfloat-abi=hard -nostartfiles -g -Wall -Wextra"
"Running Make include in ps7_cortexa9_0/libsrc/gpiops_v3_3/src"
make -C ps7_cortexa9_0/libsrc/gpiops_v3_3/src -s include  "SHELL=CMD" "COMPILER=arm-none-eabi-gcc" "ARCHIVER=arm-none-eabi-ar" "COMPILER_FLAGS=  -O2 -c" "EXTRA_COMPILER_FLAGS=-mcpu=cortex-a9 -mfpu=vfpv3 -mfloat-abi=hard -nostartfiles -g -Wall -Wextra"
"Running Make include in ps7_cortexa9_0/libsrc/qspips_v3_4/src"
make -C ps7_cortexa9_0/libsrc/qspips_v3_4/src -s include  "SHELL=CMD" "COMPILER=arm-none-eabi-gcc" "ARCHIVER=arm-none-eabi-ar" "COMPILER_FLAGS=  -O2 -c" "EXTRA_COMPILER_FLAGS=-mcpu=cortex-a9 -mfpu=vfpv3 -mfloat-abi=hard -nostartfiles -g -Wall -Wextra"
"Running Make include in ps7_cortexa9_0/libsrc/scugic_v3_9/src"
make -C ps7_cortexa9_0/libsrc/scugic_v3_9/src -s include  "SHELL=CMD" "COMPILER=arm-none-eabi-gcc" "ARCHIVER=arm-none-eabi-ar" "COMPILER_FLAGS=  -O2 -c" "EXTRA_COMPILER_FLAGS=-mcpu=cortex-a9 -mfpu=vfpv3 -mfloat-abi=hard -nostartfiles -g -Wall -Wextra"
"Running Make include in ps7_cortexa9_0/libsrc/scutimer_v2_1/src"
make -C ps7_cortexa9_0/libsrc/scutimer_v2_1/src -s include  "SHELL=CMD" "COMPILER=arm-none-eabi-gcc" "ARCHIVER=arm-none-eabi-ar" "COMPILER_FLAGS=  -O2 -c" "EXTRA_COMPILER_FLAGS=-mcpu=cortex-a9 -mfpu=vfpv3 -mfloat-abi=hard -nostartfiles -g -Wall -Wextra"
"Running Make include in ps7_cortexa9_0/libsrc/scuwdt_v2_1/src"
make -C ps7_cortexa9_0/libsrc/scuwdt_v2_1/src -s include  "SHELL=CMD" "COMPILER=arm-none-eabi-gcc" "ARCHIVER=arm-none-eabi-ar" "COMPILER_FLAGS=  -O2 -c" "EXTRA_COMPILER_FLAGS=-mcpu=cortex-a9 -mfpu=vfpv3 -mfloat-abi=hard -nostartfiles -g -Wall -Wextra"
"Running Make include in ps7_cortexa9_0/libsrc/sdps_v3_5/src"
make -C ps7_cortexa9_0/libsrc/sdps_v3_5/src -s include  "SHELL=CMD" "COMPILER=arm-none-eabi-gcc" "ARCHIVER=arm-none-eabi-ar" "COMPILER_FLAGS=  -O2 -c" "EXTRA_COMPILER_FLAGS=-mcpu=cortex-a9 -mfpu=vfpv3 -mfloat-abi=hard -nostartfiles -g -Wall -Wextra"
"Running Make include in ps7_cortexa9_0/libsrc/standalone_v6_7/src"
make -C ps7_cortexa9_0/libsrc/standalone_v6_7/src -s include  "SHELL=CMD" "COMPILER=arm-none-eabi-gcc" "ARCHIVER=arm-none-eabi-ar" "COMPILER_FLAGS=  -O2 -c" "EXTRA_COMPILER_FLAGS=-mcpu=cortex-a9 -mfpu=vfpv3 -mfloat-abi=hard -nostartfiles -g -Wall -Wextra"
"Running Make include in ps7_cortexa9_0/libsrc/ttcps_v3_6/src"
make -C ps7_cortexa9_0/libsrc/ttcps_v3_6/src -s include  "SHELL=CMD" "COMPILER=arm-none-eabi-gcc" "ARCHIVER=arm-none-eabi-ar" "COMPILER_FLAGS=  -O2 -c" "EXTRA_COMPILER_FLAGS=-mcpu=cortex-a9 -mfpu=vfpv3 -mfloat-abi=hard -nostartfiles -g -Wall -Wextra"
"Running Make include in ps7_cortexa9_0/libsrc/uartps_v3_6/src"
make -C ps7_cortexa9_0/libsrc/uartps_v3_6/src -s include  "SHELL=CMD" "COMPILER=arm-none-eabi-gcc" "ARCHIVER=arm-none-eabi-ar" "COMPILER_FLAGS=  -O2 -c" "EXTRA_COMPILER_FLAGS=-mcpu=cortex-a9 -mfpu=vfpv3 -mfloat-abi=hard -nostartfiles -g -Wall -Wextra"
"Running Make include in ps7_cortexa9_0/libsrc/usbps_v2_4/src"
make -C ps7_cortexa9_0/libsrc/usbps_v2_4/src -s include  "SHELL=CMD" "COMPILER=arm-none-eabi-gcc" "ARCHIVER=arm-none-eabi-ar" "COMPILER_FLAGS=  -O2 -c" "EXTRA_COMPILER_FLAGS=-mcpu=cortex-a9 -mfpu=vfpv3 -mfloat-abi=hard -nostartfiles -g -Wall -Wextra"
"Running Make include in ps7_cortexa9_0/libsrc/xadcps_v2_2/src"
make -C ps7_cortexa9_0/libsrc/xadcps_v2_2/src -s include  "SHELL=CMD" "COMPILER=arm-none-eabi-gcc" "ARCHIVER=arm-none-eabi-ar" "COMPILER_FLAGS=  -O2 -c" "EXTRA_COMPILER_FLAGS=-mcpu=cortex-a9 -mfpu=vfpv3 -mfloat-abi=hard -nostartfiles -g -Wall -Wextra"
"Running Make libs in ps7_cortexa9_0/libsrc/axidma_v9_7/src"
make -C ps7_cortexa9_0/libsrc/axidma_v9_7/src -s libs  "SHELL=CMD" "COMPILER=arm-none-eabi-gcc" "ARCHIVER=arm-none-eabi-ar" "COMPILER_FLAGS=  -O2 -c" "EXTRA_COMPILER_FLAGS=-mcpu=cortex-a9 -mfpu=vfpv3 -mfloat-abi=hard -nostartfiles -g -Wall -Wextra"
"Compiling axidma"
arm-none-eabi-ar: creating ../../../lib/libxil.a
"Running Make libs in ps7_cortexa9_0/libsrc/coresightps_dcc_v1_4/src"
make -C ps7_cortexa9_0/libsrc/coresightps_dcc_v1_4/src -s libs  "SHELL=CMD" "COMPILER=arm-none-eabi-gcc" "ARCHIVER=arm-none-eabi-ar" "COMPILER_FLAGS=  -O2 -c" "EXTRA_COMPILER_FLAGS=-mcpu=cortex-a9 -mfpu=vfpv3 -mfloat-abi=hard -nostartfiles -g -Wall -Wextra"
"Compiling coresightps_dcc"
"Running Make libs in ps7_cortexa9_0/libsrc/cpu_cortexa9_v2_6/src"
make -C ps7_cortexa9_0/libsrc/cpu_cortexa9_v2_6/src -s libs  "SHELL=CMD" "COMPILER=arm-none-eabi-gcc" "ARCHIVER=arm-none-eabi-ar" "COMPILER_FLAGS=  -O2 -c" "EXTRA_COMPILER_FLAGS=-mcpu=cortex-a9 -mfpu=vfpv3 -mfloat-abi=hard -nostartfiles -g -Wall -Wextra"
"Compiling cpu_cortexa9"
"Running Make libs in ps7_cortexa9_0/libsrc/ddrps_v1_0/src"
make -C ps7_cortexa9_0/libsrc/ddrps_v1_0/src -s libs  "SHELL=CMD" "COMPILER=arm-none-eabi-gcc" "ARCHIVER=arm-none-eabi-ar" "COMPILER_FLAGS=  -O2 -c" "EXTRA_COMPILER_FLAGS=-mcpu=cortex-a9 -mfpu=vfpv3 -mfloat-abi=hard -nostartfiles -g -Wall -Wextra"
"Compiling ddrps"
"Running Make libs in ps7_cortexa9_0/libsrc/devcfg_v3_5/src"
make -C ps7_cortexa9_0/libsrc/devcfg_v3_5/src -s libs  "SHELL=CMD" "COMPILER=arm-none-eabi-gcc" "ARCHIVER=arm-none-eabi-ar" "COMPILER_FLAGS=  -O2 -c" "EXTRA_COMPILER_FLAGS=-mcpu=cortex-a9 -mfpu=vfpv3 -mfloat-abi=hard -nostartfiles -g -Wall -Wextra"
"Compiling devcfg"
"Running Make libs in ps7_cortexa9_0/libsrc/dmaps_v2_3/src"
make -C ps7_cortexa9_0/libsrc/dmaps_v2_3/src -s libs  "SHELL=CMD" "COMPILER=arm-none-eabi-gcc" "ARCHIVER=arm-none-eabi-ar" "COMPILER_FLAGS=  -O2 -c" "EXTRA_COMPILER_FLAGS=-mcpu=cortex-a9 -mfpu=vfpv3 -mfloat-abi=hard -nostartfiles -g -Wall -Wextra"
"Compiling dmaps"
"Running Make libs in ps7_cortexa9_0/libsrc/emacps_v3_7/src"
make -C ps7_cortexa9_0/libsrc/emacps_v3_7/src -s libs  "SHELL=CMD" "COMPILER=arm-none-eabi-gcc" "ARCHIVER=arm-none-eabi-ar" "COMPILER_FLAGS=  -O2 -c" "EXTRA_COMPILER_FLAGS=-mcpu=cortex-a9 -mfpu=vfpv3 -mfloat-abi=hard -nostartfiles -g -Wall -Wextra"
"Compiling emacps"
"Running Make libs in ps7_cortexa9_0/libsrc/gpiops_v3_3/src"
make -C ps7_cortexa9_0/libsrc/gpiops_v3_3/src -s libs  "SHELL=CMD" "COMPILER=arm-none-eabi-gcc" "ARCHIVER=arm-none-eabi-ar" "COMPILER_FLAGS=  -O2 -c" "EXTRA_COMPILER_FLAGS=-mcpu=cortex-a9 -mfpu=vfpv3 -mfloat-abi=hard -nostartfiles -g -Wall -Wextra"
"Compiling gpiops"
"Running Make libs in ps7_cortexa9_0/libsrc/qspips_v3_4/src"
make -C ps7_cortexa9_0/libsrc/qspips_v3_4/src -s libs  "SHELL=CMD" "COMPILER=arm-none-eabi-gcc" "ARCHIVER=arm-none-eabi-ar" "COMPILER_FLAGS=  -O2 -c" "EXTRA_COMPILER_FLAGS=-mcpu=cortex-a9 -mfpu=vfpv3 -mfloat-abi=hard -nostartfiles -g -Wall -Wextra"
"Compiling qspips"
"Running Make libs in ps7_cortexa9_0/libsrc/scugic_v3_9/src"
make -C ps7_cortexa9_0/libsrc/scugic_v3_9/src -s libs  "SHELL=CMD" "COMPILER=arm-none-eabi-gcc" "ARCHIVER=arm-none-eabi-ar" "COMPILER_FLAGS=  -O2 -c" "EXTRA_COMPILER_FLAGS=-mcpu=cortex-a9 -mfpu=vfpv3 -mfloat-abi=hard -nostartfiles -g -Wall -Wextra"
"Compiling scugic"
"Running Make libs in ps7_cortexa9_0/libsrc/scutimer_v2_1/src"
make -C ps7_cortexa9_0/libsrc/scutimer_v2_1/src -s libs  "SHELL=CMD" "COMPILER=arm-none-eabi-gcc" "ARCHIVER=arm-none-eabi-ar" "COMPILER_FLAGS=  -O2 -c" "EXTRA_COMPILER_FLAGS=-mcpu=cortex-a9 -mfpu=vfpv3 -mfloat-abi=hard -nostartfiles -g -Wall -Wextra"
"Compiling scutimer"
"Running Make libs in ps7_cortexa9_0/libsrc/scuwdt_v2_1/src"
make -C ps7_cortexa9_0/libsrc/scuwdt_v2_1/src -s libs  "SHELL=CMD" "COMPILER=arm-none-eabi-gcc" "ARCHIVER=arm-none-eabi-ar" "COMPILER_FLAGS=  -O2 -c" "EXTRA_COMPILER_FLAGS=-mcpu=cortex-a9 -mfpu=vfpv3 -mfloat-abi=hard -nostartfiles -g -Wall -Wextra"
"Compiling scuwdt"
"Running Make libs in ps7_cortexa9_0/libsrc/sdps_v3_5/src"
make -C ps7_cortexa9_0/libsrc/sdps_v3_5/src -s libs  "SHELL=CMD" "COMPILER=arm-none-eabi-gcc" "ARCHIVER=arm-none-eabi-ar" "COMPILER_FLAGS=  -O2 -c" "EXTRA_COMPILER_FLAGS=-mcpu=cortex-a9 -mfpu=vfpv3 -mfloat-abi=hard -nostartfiles -g -Wall -Wextra"
"Compiling sdps"
"Running Make libs in ps7_cortexa9_0/libsrc/standalone_v6_7/src"
make -C ps7_cortexa9_0/libsrc/standalone_v6_7/src -s libs  "SHELL=CMD" "COMPILER=arm-none-eabi-gcc" "ARCHIVER=arm-none-eabi-ar" "COMPILER_FLAGS=  -O2 -c" "EXTRA_COMPILER_FLAGS=-mcpu=cortex-a9 -mfpu=vfpv3 -mfloat-abi=hard -nostartfiles -g -Wall -Wextra"
"Compiling standalone"
In file included from sleep.c:57:0:
xtime_l.h:89:9: note: #pragma message: For the sleep routines, Global timer is being used
 #pragma message ("For the sleep routines, Global timer is being used")
         ^~~~~~~
In file included from usleep.c:60:0:
xtime_l.h:89:9: note: #pragma message: For the sleep routines, Global timer is being used
 #pragma message ("For the sleep routines, Global timer is being used")
         ^~~~~~~
In file included from xil_sleeptimer.c:55:0:
xtime_l.h:89:9: note: #pragma message: For the sleep routines, Global timer is being used
 #pragma message ("For the sleep routines, Global timer is being used")
         ^~~~~~~
In file included from xtime_l.c:53:0:
xtime_l.h:89:9: note: #pragma message: For the sleep routines, Global timer is being used
 #pragma message ("For the sleep routines, Global timer is being used")
         ^~~~~~~
"Running Make libs in ps7_cortexa9_0/libsrc/ttcps_v3_6/src"
make -C ps7_cortexa9_0/libsrc/ttcps_v3_6/src -s libs  "SHELL=CMD" "COMPILER=arm-none-eabi-gcc" "ARCHIVER=arm-none-eabi-ar" "COMPILER_FLAGS=  -O2 -c" "EXTRA_COMPILER_FLAGS=-mcpu=cortex-a9 -mfpu=vfpv3 -mfloat-abi=hard -nostartfiles -g -Wall -Wextra"
"Compiling ttcps"
"Running Make libs in ps7_cortexa9_0/libsrc/uartps_v3_6/src"
make -C ps7_cortexa9_0/libsrc/uartps_v3_6/src -s libs  "SHELL=CMD" "COMPILER=arm-none-eabi-gcc" "ARCHIVER=arm-none-eabi-ar" "COMPILER_FLAGS=  -O2 -c" "EXTRA_COMPILER_FLAGS=-mcpu=cortex-a9 -mfpu=vfpv3 -mfloat-abi=hard -nostartfiles -g -Wall -Wextra"
"Compiling uartps"
"Running Make libs in ps7_cortexa9_0/libsrc/usbps_v2_4/src"
make -C ps7_cortexa9_0/libsrc/usbps_v2_4/src -s libs  "SHELL=CMD" "COMPILER=arm-none-eabi-gcc" "ARCHIVER=arm-none-eabi-ar" "COMPILER_FLAGS=  -O2 -c" "EXTRA_COMPILER_FLAGS=-mcpu=cortex-a9 -mfpu=vfpv3 -mfloat-abi=hard -nostartfiles -g -Wall -Wextra"
"Compiling usbps"
"Running Make libs in ps7_cortexa9_0/libsrc/xadcps_v2_2/src"
make -C ps7_cortexa9_0/libsrc/xadcps_v2_2/src -s libs  "SHELL=CMD" "COMPILER=arm-none-eabi-gcc" "ARCHIVER=arm-none-eabi-ar" "COMPILER_FLAGS=  -O2 -c" "EXTRA_COMPILER_FLAGS=-mcpu=cortex-a9 -mfpu=vfpv3 -mfloat-abi=hard -nostartfiles -g -Wall -Wextra"
"Compiling xadcps"
'Finished building libraries'

**** Build of configuration Debug for project imageEdgeDetect ****

Nothing to build for project imageEdgeDetect

****  of configuration Debug for project imageEdgeDetect ****

Nothing to build for project imageEdgeDetect
02:53:24 **** Auto Build of configuration Debug for project imageEdgeDetect ****
make pre-build main-build 
a9-linaro-pre-build-step
' '
'Building file: ../src/imageIPTest.c'
'Invoking: ARM v7 gcc compiler'
arm-none-eabi-gcc -Wall -O0 -g3 -c -fmessage-length=0 -MT"src/imageIPTest.o" -mcpu=cortex-a9 -mfpu=vfpv3 -mfloat-abi=hard -I../../imageEdgeDetect_bsp/ps7_cortexa9_0/include -MMD -MP -MF"src/imageIPTest.d" -MT"src/imageIPTest.o" -o "src/imageIPTest.o" "../src/imageIPTest.c"
../src/imageIPTest.c: In function 'main':
../src/imageIPTest.c:66:47: error: 'XPAR_FABRIC_IMAGEPROCESS_0_O_INTR_INTR' undeclared (first use in this function); did you mean 'XPAR_FABRIC_IMAGEPROC_0_O_INTR_INTR'?
  XScuGic_SetPriorityTriggerType(&IntcInstance,XPAR_FABRIC_IMAGEPROCESS_0_O_INTR_INTR,0xA0,3);
                                               ^~~~~~~~~~~~~~~~~~~~~~~~~~~~~~~~~~~~~~
                                               XPAR_FABRIC_IMAGEPROC_0_O_INTR_INTR
../src/imageIPTest.c:66:47: note: each undeclared identifier is reported only once for each function it appears in
../src/imageIPTest.c: In function 'imageProcISR':
../src/imageIPTest.c:120:32: error: 'XPAR_FABRIC_IMAGEPROCESS_0_O_INTR_INTR' undeclared (first use in this function); did you mean 'XPAR_FABRIC_IMAGEPROC_0_O_INTR_INTR'?
  XScuGic_Disable(&IntcInstance,XPAR_FABRIC_IMAGEPROCESS_0_O_INTR_INTR);
                                ^~~~~~~~~~~~~~~~~~~~~~~~~~~~~~~~~~~~~~
                                XPAR_FABRIC_IMAGEPROC_0_O_INTR_INTR
make: *** [src/imageIPTest.o] Error 1
02:55:11 **** Auto Build of configuration Debug for project imageEdgeDetect ****
make pre-build main-build 
a9-linaro-pre-build-step
' '
'Building file: ../src/imageIPTest.c'
'Invoking: ARM v7 gcc compiler'
arm-none-eabi-gcc -Wall -O0 -g3 -c -fmessage-length=0 -MT"src/imageIPTest.o" -mcpu=cortex-a9 -mfpu=vfpv3 -mfloat-abi=hard -I../../imageEdgeDetect_bsp/ps7_cortexa9_0/include -MMD -MP -MF"src/imageIPTest.d" -MT"src/imageIPTest.o" -o "src/imageIPTest.o" "../src/imageIPTest.c"
../src/imageIPTest.c: In function 'main':
../src/imageIPTest.c:66:47: error: 'XPAR_FABRIC_IMAGEPROCESS_0_O_INTR_INTR' undeclared (first use in this function); did you mean 'XPAR_FABRIC_IMAGEPROC_0_O_INTR_INTR'?
  XScuGic_SetPriorityTriggerType(&IntcInstance,XPAR_FABRIC_IMAGEPROCESS_0_O_INTR_INTR,0xA0,3);
                                               ^~~~~~~~~~~~~~~~~~~~~~~~~~~~~~~~~~~~~~
                                               XPAR_FABRIC_IMAGEPROC_0_O_INTR_INTR
../src/imageIPTest.c:66:47: note: each undeclared identifier is reported only once for each function it appears in
../src/imageIPTest.c: In function 'imageProcISR':
../src/imageIPTest.c:120:32: error: 'XPAR_FABRIC_IMAGEPROCESS_0_O_INTR_INTR' undeclared (first use in this function); did you mean 'XPAR_FABRIC_IMAGEPROC_0_O_INTR_INTR'?
  XScuGic_Disable(&IntcInstance,XPAR_FABRIC_IMAGEPROCESS_0_O_INTR_INTR);
                                ^~~~~~~~~~~~~~~~~~~~~~~~~~~~~~~~~~~~~~
                                XPAR_FABRIC_IMAGEPROC_0_O_INTR_INTR
make: *** [src/imageIPTest.o] Error 1
02:55:47 **** Auto Build of configuration Debug for project imageEdgeDetect ****
make pre-build main-build 
a9-linaro-pre-build-step
' '
'Building file: ../src/imageIPTest.c'
'Invoking: ARM v7 gcc compiler'
arm-none-eabi-gcc -Wall -O0 -g3 -c -fmessage-length=0 -MT"src/imageIPTest.o" -mcpu=cortex-a9 -mfpu=vfpv3 -mfloat-abi=hard -I../../imageEdgeDetect_bsp/ps7_cortexa9_0/include -MMD -MP -MF"src/imageIPTest.d" -MT"src/imageIPTest.o" -o "src/imageIPTest.o" "../src/imageIPTest.c"
../src/imageIPTest.c: In function 'main':
../src/imageIPTest.c:67:41: error: 'XPAR_FABRIC_IMAGEPROCESS_0_O_INTR_INTR' undeclared (first use in this function); did you mean 'XPAR_FABRIC_IMAGEPROC_0_O_INTR_INTR'?
  status = XScuGic_Connect(&IntcInstance,XPAR_FABRIC_IMAGEPROCESS_0_O_INTR_INTR,(Xil_InterruptHandler)imageProcISR,(void *)&myDma);
                                         ^~~~~~~~~~~~~~~~~~~~~~~~~~~~~~~~~~~~~~
                                         XPAR_FABRIC_IMAGEPROC_0_O_INTR_INTR
../src/imageIPTest.c:67:41: note: each undeclared identifier is reported only once for each function it appears in
../src/imageIPTest.c: In function 'imageProcISR':
../src/imageIPTest.c:120:32: error: 'XPAR_FABRIC_IMAGEPROCESS_0_O_INTR_INTR' undeclared (first use in this function); did you mean 'XPAR_FABRIC_IMAGEPROC_0_O_INTR_INTR'?
  XScuGic_Disable(&IntcInstance,XPAR_FABRIC_IMAGEPROCESS_0_O_INTR_INTR);
                                ^~~~~~~~~~~~~~~~~~~~~~~~~~~~~~~~~~~~~~
                                XPAR_FABRIC_IMAGEPROC_0_O_INTR_INTR
make: *** [src/imageIPTest.o] Error 1
02:55:54 **** Auto Build of configuration Debug for project imageEdgeDetect ****
make pre-build main-build 
a9-linaro-pre-build-step
' '
'Building file: ../src/imageIPTest.c'
'Invoking: ARM v7 gcc compiler'
arm-none-eabi-gcc -Wall -O0 -g3 -c -fmessage-length=0 -MT"src/imageIPTest.o" -mcpu=cortex-a9 -mfpu=vfpv3 -mfloat-abi=hard -I../../imageEdgeDetect_bsp/ps7_cortexa9_0/include -MMD -MP -MF"src/imageIPTest.d" -MT"src/imageIPTest.o" -o "src/imageIPTest.o" "../src/imageIPTest.c"
../src/imageIPTest.c: In function 'main':
../src/imageIPTest.c:72:31: error: 'XPAR_FABRIC_IMAGEPROCESS_0_O_INTR_INTR' undeclared (first use in this function); did you mean 'XPAR_FABRIC_IMAGEPROC_0_O_INTR_INTR'?
  XScuGic_Enable(&IntcInstance,XPAR_FABRIC_IMAGEPROCESS_0_O_INTR_INTR);
                               ^~~~~~~~~~~~~~~~~~~~~~~~~~~~~~~~~~~~~~
                               XPAR_FABRIC_IMAGEPROC_0_O_INTR_INTR
../src/imageIPTest.c:72:31: note: each undeclared identifier is reported only once for each function it appears in
../src/imageIPTest.c: In function 'imageProcISR':
../src/imageIPTest.c:120:32: error: 'XPAR_FABRIC_IMAGEPROCESS_0_O_INTR_INTR' undeclared (first use in this function); did you mean 'XPAR_FABRIC_IMAGEPROC_0_O_INTR_INTR'?
  XScuGic_Disable(&IntcInstance,XPAR_FABRIC_IMAGEPROCESS_0_O_INTR_INTR);
                                ^~~~~~~~~~~~~~~~~~~~~~~~~~~~~~~~~~~~~~
                                XPAR_FABRIC_IMAGEPROC_0_O_INTR_INTR
At top level:
../src/imageIPTest.c:117:13: warning: 'imageProcISR' defined but not used [-Wunused-function]
 static void imageProcISR(void *CallBackRef){
             ^~~~~~~~~~~~
make: *** [src/imageIPTest.o] Error 1
02:56:04 **** Auto Build of configuration Debug for project imageEdgeDetect ****
make pre-build main-build 
a9-linaro-pre-build-step
' '
'Building file: ../src/imageIPTest.c'
'Invoking: ARM v7 gcc compiler'
arm-none-eabi-gcc -Wall -O0 -g3 -c -fmessage-length=0 -MT"src/imageIPTest.o" -mcpu=cortex-a9 -mfpu=vfpv3 -mfloat-abi=hard -I../../imageEdgeDetect_bsp/ps7_cortexa9_0/include -MMD -MP -MF"src/imageIPTest.d" -MT"src/imageIPTest.o" -o "src/imageIPTest.o" "../src/imageIPTest.c"
../src/imageIPTest.c: In function 'main':
../src/imageIPTest.c:66:47: error: 'XPAR_FABRIC_IMAGEPROCESS_0_O_INTR_INTR' undeclared (first use in this function); did you mean 'XPAR_FABRIC_IMAGEPROC_0_O_INTR_INTR'?
  XScuGic_SetPriorityTriggerType(&IntcInstance,XPAR_FABRIC_IMAGEPROCESS_0_O_INTR_INTR,0xA0,3);
                                               ^~~~~~~~~~~~~~~~~~~~~~~~~~~~~~~~~~~~~~
                                               XPAR_FABRIC_IMAGEPROC_0_O_INTR_INTR
../src/imageIPTest.c:66:47: note: each undeclared identifier is reported only once for each function it appears in
../src/imageIPTest.c: In function 'imageProcISR':
../src/imageIPTest.c:120:32: error: 'XPAR_FABRIC_IMAGEPROCESS_0_O_INTR_INTR' undeclared (first use in this function); did you mean 'XPAR_FABRIC_IMAGEPROC_0_O_INTR_INTR'?
  XScuGic_Disable(&IntcInstance,XPAR_FABRIC_IMAGEPROCESS_0_O_INTR_INTR);
                                ^~~~~~~~~~~~~~~~~~~~~~~~~~~~~~~~~~~~~~
                                XPAR_FABRIC_IMAGEPROC_0_O_INTR_INTR
make: *** [src/imageIPTest.o] Error 1
02:56:57 **** Auto Build of configuration Debug for project imageEdgeDetect ****
make pre-build main-build 
a9-linaro-pre-build-step
' '
'Building file: ../src/imageIPTest.c'
'Invoking: ARM v7 gcc compiler'
arm-none-eabi-gcc -Wall -O0 -g3 -c -fmessage-length=0 -MT"src/imageIPTest.o" -mcpu=cortex-a9 -mfpu=vfpv3 -mfloat-abi=hard -I../../imageEdgeDetect_bsp/ps7_cortexa9_0/include -MMD -MP -MF"src/imageIPTest.d" -MT"src/imageIPTest.o" -o "src/imageIPTest.o" "../src/imageIPTest.c"
../src/imageIPTest.c: In function 'imageProcISR':
../src/imageIPTest.c:120:32: error: 'XPAR_FABRIC_IMAGEPROCESS_0_O_INTR_INTR' undeclared (first use in this function); did you mean 'XPAR_FABRIC_IMAGEPROC_0_O_INTR_INTR'?
  XScuGic_Disable(&IntcInstance,XPAR_FABRIC_IMAGEPROCESS_0_O_INTR_INTR);
                                ^~~~~~~~~~~~~~~~~~~~~~~~~~~~~~~~~~~~~~
                                XPAR_FABRIC_IMAGEPROC_0_O_INTR_INTR
../src/imageIPTest.c:120:32: note: each undeclared identifier is reported only once for each function it appears in
make: *** [src/imageIPTest.o] Error 1
02:57:10 **** Auto Build of configuration Debug for project imageEdgeDetect ****
make pre-build main-build 
a9-linaro-pre-build-step
' '
'Building file: ../src/imageIPTest.c'
'Invoking: ARM v7 gcc compiler'
arm-none-eabi-gcc -Wall -O0 -g3 -c -fmessage-length=0 -MT"src/imageIPTest.o" -mcpu=cortex-a9 -mfpu=vfpv3 -mfloat-abi=hard -I../../imageEdgeDetect_bsp/ps7_cortexa9_0/include -MMD -MP -MF"src/imageIPTest.d" -MT"src/imageIPTest.o" -o "src/imageIPTest.o" "../src/imageIPTest.c"
../src/imageIPTest.c: In function 'imageProcISR':
../src/imageIPTest.c:128:31: error: 'XPAR_FABRIC_IMAGEPROCESS_0_O_INTR_INTR' undeclared (first use in this function); did you mean 'XPAR_FABRIC_IMAGEPROC_0_O_INTR_INTR'?
  XScuGic_Enable(&IntcInstance,XPAR_FABRIC_IMAGEPROCESS_0_O_INTR_INTR);
                               ^~~~~~~~~~~~~~~~~~~~~~~~~~~~~~~~~~~~~~
                               XPAR_FABRIC_IMAGEPROC_0_O_INTR_INTR
../src/imageIPTest.c:128:31: note: each undeclared identifier is reported only once for each function it appears in
make: *** [src/imageIPTest.o] Error 1
02:57:17 **** Auto Build of configuration Debug for project imageEdgeDetect ****
make pre-build main-build 
a9-linaro-pre-build-step
' '
'Building file: ../src/imageIPTest.c'
'Invoking: ARM v7 gcc compiler'
arm-none-eabi-gcc -Wall -O0 -g3 -c -fmessage-length=0 -MT"src/imageIPTest.o" -mcpu=cortex-a9 -mfpu=vfpv3 -mfloat-abi=hard -I../../imageEdgeDetect_bsp/ps7_cortexa9_0/include -MMD -MP -MF"src/imageIPTest.d" -MT"src/imageIPTest.o" -o "src/imageIPTest.o" "../src/imageIPTest.c"
'Finished building: ../src/imageIPTest.c'
' '
'Building target: imageEdgeDetect.elf'
'Invoking: ARM v7 gcc linker'
arm-none-eabi-gcc -mcpu=cortex-a9 -mfpu=vfpv3 -mfloat-abi=hard -Wl,-build-id=none -specs=Xilinx.spec -Wl,-T -Wl,../src/lscript.ld -L../../imageEdgeDetect_bsp/ps7_cortexa9_0/lib -o "imageEdgeDetect.elf"  ./src/imageIPTest.o   -Wl,--start-group,-lxil,-lgcc,-lc,--end-group
'Finished building target: imageEdgeDetect.elf'
' '
'Invoking: ARM v7 Print Size'
arm-none-eabi-size imageEdgeDetect.elf  |tee "imageEdgeDetect.elf.size"
   text	   data	    bss	    dec	    hex	filename
  40600	 267016	  22664	 330280	  50a28	imageEdgeDetect.elf
'Finished building: imageEdgeDetect.elf.size'
' '
03:04:50 **** Incremental Build of configuration Debug for project imageEdgeDetect ****
make pre-build main-build 
a9-linaro-pre-build-step
' '
make: Nothing to be done for `main-build'.
03:09:49 **** Incremental Build of configuration Debug for project imageEdgeDetect ****
make pre-build main-build 
a9-linaro-pre-build-step
' '
make: Nothing to be done for `main-build'.
03:10:20 **** Incremental Build of configuration Debug for project imageEdgeDetect ****
make pre-build main-build 
a9-linaro-pre-build-step
' '
make: Nothing to be done for `main-build'.
03:10:46 **** Incremental Build of configuration Debug for project imageEdgeDetect ****
make pre-build main-build 
a9-linaro-pre-build-step
' '
make: Nothing to be done for `main-build'.
03:11:34 **** Incremental Build of configuration Debug for project imageEdgeDetect ****
make pre-build main-build 
a9-linaro-pre-build-step
' '
make: Nothing to be done for `main-build'.
